{
    "failed_checks": [
        {
            "file": "/main.tf",
            "findings": [
                {
                    "resource": "aws_availability_zones.available",
                    "check_ids": [
                        "CKV_AWS_394"
                    ]
                },
                {
                    "resource": "aws_instance.app",
                    "check_ids": [
                        "CKV_AWS_126",
                        "CKV_AWS_135"
                    ]
                },
                {
                    "resource": "aws_s3_bucket.app",
                    "check_ids": [
                        "CKV2_AWS_61",
                        "CKV2_AWS_62",
                        "CKV_AWS_144",
                        "CKV_AWS_145",
                        "CKV_AWS_18"
                    ]
                },
                {
                    "resource": "aws_security_group.ec2",
                    "check_ids": [
                        "CKV_AWS_24",
                        "CKV_AWS_260",
                        "CKV_AWS_382"
                    ]
                },
                {
                    "resource": "aws_subnet.public",
                    "check_ids": [
                        "CKV_AWS_130"
                    ]
                },
                {
                    "resource": "aws_vpc.main",
                    "check_ids": [
                        "CKV2_AWS_11",
                        "CKV2_AWS_12"
                    ]
                }
            ]
        }
    ]
}